// Vitest Snapshot v1, https://vitest.dev/guide/snapshot.html

exports[`ProbabilityChart Component > Test 1: Renders correctly with mock data and matches snapshot 1`] = `
<div
  class="chart-container"
  style="height: 300px; position: relative;"
>
  <div
    aria-label="Test Chart Aria Label"
    data-testid="bar-chart-mock"
    role="img"
  >
    <pre>
      {
  "labels": [
    "TA",
    "TB"
  ],
  "datasets": [
    {
      "label": "Probability",
      "data": [
        75.5,
        50.25
      ],
      "backgroundColor": "rgba(255, 111, 0, 0.6)",
      "borderColor": "rgba(255, 111, 0, 1)",
      "borderWidth": 2,
      "borderRadius": 6,
      "borderSkipped": false
    }
  ]
}
    </pre>
    <pre>
      {
  "indexAxis": "y",
  "responsive": true,
  "maintainAspectRatio": false,
  "scales": {
    "x": {
      "beginAtZero": true,
      "max": 100,
      "title": {
        "display": true,
        "text": "Probability (%)"
      },
      "ticks": {
        "color": "var(--text-color)"
      },
      "grid": {
        "display": false
      }
    },
    "y": {
      "ticks": {
        "autoSkip": false,
        "color": "var(--text-color)"
      },
      "grid": {
        "display": false
      }
    }
  },
  "plugins": {
    "legend": {
      "display": false
    },
    "title": {
      "display": true,
      "text": "Test Chart Title",
      "font": {
        "family": "'Segoe UI', Tahoma, Geneva, Verdana, sans-serif",
        "size": 16
      }
    },
    "tooltip": {
      "callbacks": {}
    }
  },
  "animation": false
}
    </pre>
  </div>
</div>
`;
